// Jest Snapshot v1, https://goo.gl/fbAQLP

exports[`Alert snapshot should match snapshot 1`] = `
<div
  class="Modal"
>
  <div
    class="Modal__content"
  >
    <header />
     
    <section>
      <p>
        hi
      </p>
    </section>
     
    <footer>
      <button
        class="Btn"
      >
        
        Ok
      
      </button>
       
    </footer>
  </div>
</div>
`;
