// Jest Snapshot v1, https://goo.gl/fbAQLP

exports[`Modal It should match snapshot 1`] = `
<div
  class="Modal"
>
  <div
    class="Modal__content"
  >
    <header />
     
    <section />
     
    <footer>
      <button
        class="Btn"
      >
        
        Ok
      
      </button>
       
    </footer>
  </div>
</div>
`;
