// Jest Snapshot v1, https://goo.gl/fbAQLP

exports[`Stats It should match snapshot 1`] = `
<ul
  class="Stats"
>
  <li
    class="Stats__item"
  >
    <span
      class="Stats__icon"
    >
      ❤️
    </span>
     
    <strong
      class=""
    >
      
      100
    
    </strong>
  </li>
  <li
    class="Stats__item"
  >
    <span
      class="Stats__icon"
    >
      💧
    </span>
     
    <strong
      class=""
    >
      
      100
    
    </strong>
  </li>
  <li
    class="Stats__item"
  >
    <span
      class="Stats__icon"
    >
      🍗
    </span>
     
    <strong
      class=""
    >
      
      100
    
    </strong>
  </li>
  <li
    class="Stats__item"
  >
    <span
      class="Stats__icon"
    >
      ⚡
    </span>
     
    <strong
      class=""
    >
      
      100
    
    </strong>
  </li>
</ul>
`;
